// Jest Snapshot v1, https://goo.gl/fbAQLP

exports[`SearchInput renders correctly 1`] = `
<View
  style={
    Array [
      Object {
        "backgroundColor": "#242629",
        "borderRadius": 12,
        "flexBasis": "auto",
        "flexGrow": 1,
        "flexShrink": 1,
        "height": 86,
        "paddingBottom": 4,
        "paddingLeft": 12,
        "paddingRight": 12,
        "paddingTop": 4,
        "width": "100%",
      },
    ]
  }
>
  <View
    style={
      Array [
        Object {
          "flexDirection": "row",
          "height": "100%",
        },
      ]
    }
  >
    <View
      style={
        Array [
          Object {
            "height": 60,
            "marginTop": 8,
            "width": 60,
          },
        ]
      }
    >
      <Image
        source={
          Object {
            "uri": "",
          }
        }
        style={
          Array [
            Object {
              "borderRadius": 30,
              "height": "100%",
              "width": "100%",
            },
          ]
        }
      />
    </View>
    <View
      style={
        Array [
          Object {
            "flexBasis": 0,
            "flexGrow": 1,
            "flexShrink": 1,
            "paddingBottom": 8,
            "paddingLeft": 12,
            "paddingRight": 12,
            "paddingTop": 8,
          },
        ]
      }
    >
      <Text
        style={
          Array [
            Object {
              "color": "#FFFFFF",
              "fontFamily": "Raleway-Bold",
              "fontSize": 14,
            },
          ]
        }
      >
        test
      </Text>
      <View
        height={4}
        style={
          Array [
            Object {
              "height": 4,
            },
          ]
        }
      />
      <Text
        style={
          Array [
            Object {
              "color": "#FFFFFF",
              "fontFamily": "Raleway-Medium",
              "fontSize": 12,
            },
          ]
        }
      >
        test
      </Text>
    </View>
  </View>
</View>
`;
